test
test again
test
test again
test
test again
